// Jest Snapshot v1, https://goo.gl/fbAQLP

exports[`<T /> should render and match the snapshot 1`] = `
<body>
  <div>
    <p
      class="iiqlqN"
      data-testid="t"
    >
      Hello World
    </p>
  </div>
</body>
`;
